../Core/Src/ili9341.c:21:13:ILI9341_WriteCommand	16	static
../Core/Src/ili9341.c:28:13:ILI9341_WriteData	16	static
../Core/Src/ili9341.c:35:13:ILI9341_WriteData16	24	static
../Core/Src/ili9341.c:45:13:ILI9341_SetAddressWindow	24	static
../Core/Src/ili9341.c:57:6:ILI9341_Init	8	static
../Core/Src/ili9341.c:198:6:ILI9341_FillScreen	24	static
../Core/Src/ili9341.c:215:6:ILI9341_DrawPixel	16	static
../Core/Src/ili9341.c:222:6:ILI9341_SetRotation	16	static
../Core/Src/ili9341.c:240:6:ILI9341_FillRect	32	static
../Core/Src/ili9341.c:261:6:ILI9341_DrawFilledCircle	40	static
../Core/Src/ili9341.c:287:6:ILI9341_DrawChar	40	static
../Core/Src/ili9341.c:305:6:ILI9341_DrawText	40	static
../Core/Src/ili9341.c:330:6:ILI9341_DrawImage	32	static
